../Core/Src/main.c:92:6:delay_us	16	static
../Core/Src/main.c:98:6:playTone	32	static
../Core/Src/main.c:116:6:play_BellaCiao	72	static
../Core/Src/main.c:125:6:play_BreakingTheHabit	8	static
../Core/Src/main.c:131:6:play_MarioDie	8	static
../Core/Src/main.c:141:5:main	72	static
../Core/Src/main.c:380:6:SystemClock_Config	72	static
../Core/Src/main.c:419:13:MX_I2C1_Init	8	static
../Core/Src/main.c:453:13:MX_TIM2_Init	64	static
../Core/Src/main.c:515:13:MX_GPIO_Init	32	static
../Core/Src/main.c:567:6:Error_Handler	4	static,ignoring_inline_asm
